
> portfolio@0.0.0 build
> vite build

[36mvite v7.3.1 [32mbuilding client environment for production...[36m[39m
transforming...
[32mΓ£ô[39m 25 modules transformed.
node.exe : [31mΓ£ù[39m Build 
failed in 392ms
At line:1 char:1
+ & "D:\Program 
Files\nodejs/node.exe" "D:\Program 
Files\nodejs/node_mo ...
+ ~~~~~~~~~~~~~~~~~~~~~~~~~~~~~~~~~~~
~~~~~~~~~~~~~~~~~~~~~~~~~~~~~~~~~~
    + CategoryInfo          : NotSpe 
   cified: ([31mΓ£ù[39m Build fai  
  led in 392ms:String) [], RemoteE   
 xception
    + FullyQualifiedErrorId : Native 
   CommandError
 
[31merror during build:
[31msrc/data/projects.js (133:12): 
Expression expected[31m
file: 
[36mD:/User/Anshu/Desktop/Portfolio 
Website 
1/src/data/projects.js:133:12[31m
[33m
131:         url: 'https://linkedin.c
om/in/yourprofile',
132:         icon: (
133:             <svg viewBox="0 0 
24 24" fill="currentColor">
                 ^
134:                 <path 
d="M20.447 20.452h-3.554v-5.569c0-1.3
28-.027-3.037-1.852-3.037-1.853 
0-2.136 1.445-2.136 2.939v...
135:             </svg>
[31m
    at getRollupError (file:///D:/Use
r/Anshu/Desktop/Portfolio%20Website%2
01/node_modules/rollup/dist/es/shared
/parseAst.js:402:41)
    at ParseError.initialise (file://
/D:/User/Anshu/Desktop/Portfolio%20We
bsite%201/node_modules/rollup/dist/es
/shared/node-entry.js:14465:28)
    at convertNode (file:///D:/User/A
nshu/Desktop/Portfolio%20Website%201/
node_modules/rollup/dist/es/shared/no
de-entry.js:16437:10)
    at convertProgram (file:///D:/Use
r/Anshu/Desktop/Portfolio%20Website%2
01/node_modules/rollup/dist/es/shared
/node-entry.js:15677:12)
    at Module.setSource (file:///D:/U
ser/Anshu/Desktop/Portfolio%20Website
%201/node_modules/rollup/dist/es/shar
ed/node-entry.js:17392:24)
    at async 
ModuleLoader.addModuleSource (file://
/D:/User/Anshu/Desktop/Portfolio%20We
bsite%201/node_modules/rollup/dist/es
/shared/node-entry.js:21474:13)[39m
